[{"diffType":"removed","old":{"four":4,"milk":false,"list":[1,2,3]},"key":"a"},{"diffType":"removed","old":"cat","key":"animal"},{"diffType":"removed","old":"green","key":"apple"},{"diffType":"removed","old":true,"key":"car"},{"diffType":"removed","old":["summer","autumn"],"key":"sky"},{"diffType":"removed","old":12.4,"key":"time"},{"diffType":"removed","old":null,"key":"what"}]